Γû▓ Next.js 16.1.6 (Turbopack)
- Local:         http://localhost:3001
- Network:       http://192.168.203.1:3001
- Environments: .env.local, .env

Γ£ô Starting...
node.exe : Γ¿» 
Unable to acquire 
lock at C:\Users\shub
h\OneDrive\Desktop\co
llab\collabhack\.next
\dev\lock, is 
another instance of 
next dev running?
At line:1 char:1
+ & "C:\Program Files
\nodejs/node.exe" 
"C:\Program 
Files\nodejs/node_mo 
...
+ ~~~~~~~~~~~~~~~~~~~
~~~~~~~~~~~~~~~~~~~~~
~~~~~~~~~~~~~~~~~~~~~
~~~~~~~~
    + CategoryInfo   
           : NotSpe  
  cified: (Γ¿» Una   
 ble to a...xt de    
v running?:Strin    
g) [], RemoteExc    
eption
    + FullyQualified 
   ErrorId : Native  
  CommandError
 
  Suggestion: If you intended to restart next dev, terminate the other process, and then try again.
[?25h
